{
  "version": "1.5.0",
  "plugins_used": [
    {
      "name": "ArtifactoryDetector"
    },
    {
      "name": "AWSKeyDetector"
    },
    {
      "name": "AzureStorageKeyDetector"
    },
    {
      "name": "Base64HighEntropyString",
      "limit": 4.5
    },
    {
      "name": "BasicAuthDetector"
    },
    {
      "name": "CloudantDetector"
    },
    {
      "name": "DiscordBotTokenDetector"
    },
    {
      "name": "GitHubTokenDetector"
    },
    {
      "name": "GitLabTokenDetector"
    },
    {
      "name": "HexHighEntropyString",
      "limit": 3.0
    },
    {
      "name": "IbmCloudIamDetector"
    },
    {
      "name": "IbmCosHmacDetector"
    },
    {
      "name": "IPPublicDetector"
    },
    {
      "name": "JwtTokenDetector"
    },
    {
      "name": "KeywordDetector",
      "keyword_exclude": ""
    },
    {
      "name": "MailchimpDetector"
    },
    {
      "name": "NpmDetector"
    },
    {
      "name": "OpenAIDetector"
    },
    {
      "name": "PrivateKeyDetector"
    },
    {
      "name": "PypiTokenDetector"
    },
    {
      "name": "SendGridDetector"
    },
    {
      "name": "SlackDetector"
    },
    {
      "name": "SoftlayerDetector"
    },
    {
      "name": "SquareOAuthDetector"
    },
    {
      "name": "StripeDetector"
    },
    {
      "name": "TelegramBotTokenDetector"
    },
    {
      "name": "TwilioKeyDetector"
    }
  ],
  "filters_used": [
    {
      "path": "detect_secrets.filters.allowlist.is_line_allowlisted"
    },
    {
      "path": "detect_secrets.filters.common.is_baseline_file",
      "filename": ".secrets.baseline"
    },
    {
      "path": "detect_secrets.filters.common.is_ignored_due_to_verification_policies",
      "min_level": 2
    },
    {
      "path": "detect_secrets.filters.heuristic.is_indirect_reference"
    },
    {
      "path": "detect_secrets.filters.heuristic.is_likely_id_string"
    },
    {
      "path": "detect_secrets.filters.heuristic.is_lock_file"
    },
    {
      "path": "detect_secrets.filters.heuristic.is_not_alphanumeric_string"
    },
    {
      "path": "detect_secrets.filters.heuristic.is_potential_uuid"
    },
    {
      "path": "detect_secrets.filters.heuristic.is_prefixed_with_dollar_sign"
    },
    {
      "path": "detect_secrets.filters.heuristic.is_sequential_string"
    },
    {
      "path": "detect_secrets.filters.heuristic.is_swagger_file"
    },
    {
      "path": "detect_secrets.filters.heuristic.is_templated_secret"
    },
    {
      "path": "detect_secrets.filters.regex.should_exclude_file",
      "pattern": [
        "tests/",
        "examples/"
      ]
    }
  ],
  "results": {
    ".env.test": [
      {
        "type": "Basic Auth Credentials",
        "filename": ".env.test",
        "hashed_secret": "a48941a991931dc177a718c14e96c813843bc102",
        "is_verified": false,
        "line_number": 8
      }
    ],
    ".github/workflows/test-docker.yml": [
      {
        "type": "Basic Auth Credentials",
        "filename": ".github/workflows/test-docker.yml",
        "hashed_secret": "e93e80ee4d8cc1f58bf737735b89255f3346f679",
        "is_verified": false,
        "line_number": 63
      }
    ],
    "docs/SECURITY.md": [
      {
        "type": "Basic Auth Credentials",
        "filename": "docs/SECURITY.md",
        "hashed_secret": "9d4e1e23bd5b727046a9e3b4b7db57bd8d6ee684",
        "is_verified": false,
        "line_number": 373
      },
      {
        "type": "Basic Auth Credentials",
        "filename": "docs/SECURITY.md",
        "hashed_secret": "e5e9fa1ba31ecd1ae84f75caaa474f3a663f05f4",
        "is_verified": false,
        "line_number": 373
      },
      {
        "type": "AWS Access Key",
        "filename": "docs/SECURITY.md",
        "hashed_secret": "25910f981e85ca04baf359199dd0bd4a3ae738b6",
        "is_verified": false,
        "line_number": 389
      },
      {
        "type": "Secret Keyword",
        "filename": "docs/SECURITY.md",
        "hashed_secret": "f2b14f68eb995facb3a1c35287b778d5bd785511",
        "is_verified": false,
        "line_number": 527
      },
      {
        "type": "Secret Keyword",
        "filename": "docs/SECURITY.md",
        "hashed_secret": "a616a64c0fbc30f12287d0f24f3b90dd2e6a206e",
        "is_verified": false,
        "line_number": 633
      },
      {
        "type": "Basic Auth Credentials",
        "filename": "docs/SECURITY.md",
        "hashed_secret": "5baa61e4c9b93f3f0682250b6cf8331b7ee68fd8",
        "is_verified": false,
        "line_number": 948
      }
    ],
    "docs/USER_GUIDE.md": [
      {
        "type": "Basic Auth Credentials",
        "filename": "docs/USER_GUIDE.md",
        "hashed_secret": "9d4e1e23bd5b727046a9e3b4b7db57bd8d6ee684",
        "is_verified": false,
        "line_number": 394
      }
    ],
    "locales/en/config.ftl": [
      {
        "type": "Secret Keyword",
        "filename": "locales/en/config.ftl",
        "hashed_secret": "27a99e4a214d2b52f97fc77f1fc64872c1ae14db",
        "is_verified": false,
        "line_number": 63
      }
    ],
    "locales/en/sink.ftl": [
      {
        "type": "Secret Keyword",
        "filename": "locales/en/sink.ftl",
        "hashed_secret": "1a56c2afcb8d179bb5a942d5371982823c1eaa1b",
        "is_verified": false,
        "line_number": 54
      }
    ],
    "locales/zh-CN/config.ftl": [
      {
        "type": "Secret Keyword",
        "filename": "locales/zh-CN/config.ftl",
        "hashed_secret": "108457d4e1f6b587fe8bef494a41f6fec8f547b4",
        "is_verified": false,
        "line_number": 63
      }
    ],
    "specmark/archive/2026-09-08-fix-review-findings/meta.json": [
      {
        "type": "Hex High Entropy String",
        "filename": "specmark/archive/2026-09-08-fix-review-findings/meta.json",
        "hashed_secret": "9400c6db86c9b7fa8fd5ba70ecba275104a4720a",
        "is_verified": false,
        "line_number": 4
      }
    ],
    "specmark/archive/2026-09-23-audit-hardening/meta.json": [
      {
        "type": "Hex High Entropy String",
        "filename": "specmark/archive/2026-09-23-audit-hardening/meta.json",
        "hashed_secret": "b165228b29e3fab6bd5fc0bb56c71eea70309e0d",
        "is_verified": true,
        "line_number": 4
      }
    ],
    "specmark/archive/2026-09-23-deferred-capabilities/meta.json": [
      {
        "type": "Hex High Entropy String",
        "filename": "specmark/archive/2026-09-23-deferred-capabilities/meta.json",
        "hashed_secret": "9a04f5e85ff248ea4ffda7b1a996de0f23cad487",
        "is_verified": true,
        "line_number": 4
      }
    ],
    "src/cli/generate.rs": [
      {
        "type": "Basic Auth Credentials",
        "filename": "src/cli/generate.rs",
        "hashed_secret": "5baa61e4c9b93f3f0682250b6cf8331b7ee68fd8",
        "is_verified": false,
        "line_number": 191
      }
    ],
    "src/domain/core/subscriber.rs": [
      {
        "type": "Hex High Entropy String",
        "filename": "src/domain/core/subscriber.rs",
        "hashed_secret": "0a24796d4c71ce722a92f450f69dc36c60b21de4",
        "is_verified": false,
        "line_number": 991
      },
      {
        "type": "Hex High Entropy String",
        "filename": "src/domain/core/subscriber.rs",
        "hashed_secret": "8750a512f22c55598175aee8790ae2470ec88d16",
        "is_verified": false,
        "line_number": 2095
      }
    ],
    "src/domain/types/log_record.rs": [
      {
        "type": "Secret Keyword",
        "filename": "src/domain/types/log_record.rs",
        "hashed_secret": "5ecb5f3afd8f43a911b940713cd1938bcb3f74fd",
        "is_verified": false,
        "line_number": 1325
      }
    ],
    "src/error.rs": [
      {
        "type": "AWS Access Key",
        "filename": "src/error.rs",
        "hashed_secret": "b3a36f69982dcfaf005c1e8cd89289e446884b5c",
        "is_verified": false,
        "line_number": 328
      },
      {
        "type": "AWS Access Key",
        "filename": "src/error.rs",
        "hashed_secret": "25910f981e85ca04baf359199dd0bd4a3ae738b6",
        "is_verified": false,
        "line_number": 353
      },
      {
        "type": "JSON Web Token",
        "filename": "src/error.rs",
        "hashed_secret": "92a800fa68609f76bfe58e926106352467d3ae8c",
        "is_verified": false,
        "line_number": 367
      },
      {
        "type": "Basic Auth Credentials",
        "filename": "src/error.rs",
        "hashed_secret": "e5e9fa1ba31ecd1ae84f75caaa474f3a663f05f4",
        "is_verified": false,
        "line_number": 380
      },
      {
        "type": "JSON Web Token",
        "filename": "src/error.rs",
        "hashed_secret": "d5278f8f028c39a2e3357aab667bdd81c7ab5ea6",
        "is_verified": false,
        "line_number": 449
      }
    ],
    "src/support/io/sink/encryption.rs": [
      {
        "type": "Base64 High Entropy String",
        "filename": "src/support/io/sink/encryption.rs",
        "hashed_secret": "18fdf21db6a592dac66e4bcefad19d6b8d0428f4",
        "is_verified": false,
        "line_number": 398
      }
    ],
    "src/support/io/sink/file.rs": [
      {
        "type": "Base64 High Entropy String",
        "filename": "src/support/io/sink/file.rs",
        "hashed_secret": "18fdf21db6a592dac66e4bcefad19d6b8d0428f4",
        "is_verified": false,
        "line_number": 1937
      },
      {
        "type": "Base64 High Entropy String",
        "filename": "src/support/io/sink/file.rs",
        "hashed_secret": "9abf7faebfa6e33c1eeaaf3714487ee8cd886ace",
        "is_verified": false,
        "line_number": 4078
      }
    ],
    "src/support/processing/masking.rs": [
      {
        "type": "Hex High Entropy String",
        "filename": "src/support/processing/masking.rs",
        "hashed_secret": "b4c9248600a42f8c38c01b632f392dbcb4c7b19a",
        "is_verified": false,
        "line_number": 1319
      },
      {
        "type": "JSON Web Token",
        "filename": "src/support/processing/masking.rs",
        "hashed_secret": "d6b66ddd9ea7dbe760114bfe9a97352a5e139134",
        "is_verified": false,
        "line_number": 1597
      },
      {
        "type": "AWS Access Key",
        "filename": "src/support/processing/masking.rs",
        "hashed_secret": "25910f981e85ca04baf359199dd0bd4a3ae738b6",
        "is_verified": false,
        "line_number": 1606
      },
      {
        "type": "Base64 High Entropy String",
        "filename": "src/support/processing/masking.rs",
        "hashed_secret": "95f1432d7be423c5b4c6eeec88b3f1ee9bc343cc",
        "is_verified": false,
        "line_number": 1614
      },
      {
        "type": "Basic Auth Credentials",
        "filename": "src/support/processing/masking.rs",
        "hashed_secret": "cbfdac6008f9cab4083784cbd1874f76618d2a97",
        "is_verified": false,
        "line_number": 1659
      },
      {
        "type": "Base64 High Entropy String",
        "filename": "src/support/processing/masking.rs",
        "hashed_secret": "0cc15b96f4e551bd0deb93a6a375822308951ae2",
        "is_verified": false,
        "line_number": 1736
      },
      {
        "type": "Base64 High Entropy String",
        "filename": "src/support/processing/masking.rs",
        "hashed_secret": "b87ae882e424fc2736a215cb4e6cf62bb2b69c69",
        "is_verified": false,
        "line_number": 1744
      },
      {
        "type": "Secret Keyword",
        "filename": "src/support/processing/masking.rs",
        "hashed_secret": "f2b14f68eb995facb3a1c35287b778d5bd785511",
        "is_verified": false,
        "line_number": 1764
      }
    ],
    "src/support/processing/pipeline.rs": [
      {
        "type": "Secret Keyword",
        "filename": "src/support/processing/pipeline.rs",
        "hashed_secret": "2bb5d150bfc635972c04bafc8d3a9c2cfde1902c",
        "is_verified": false,
        "line_number": 502
      }
    ]
  },
  "generated_at": "2026-09-30T19:20:37Z"
}
